// Jest Snapshot v1, https://goo.gl/fbAQLP

exports[`Help snapshot 1`] = `
<View
  style={
    Object {
      "alignItems": "center",
      "marginTop": -200,
    }
  }
>
  <Text>
    <Text
      style={
        Object {
          "fontWeight": "bold",
        }
      }
    >
      Instructions: 

    </Text>
    <Text
      style={
        Object {
          "flex": 1,
          "width": 10,
        }
      }
    >
      1.  The app loads the pins from mlab database.  
 

    </Text>
    <Text
      style={
        Object {
          "flex": 1,
          "width": 10,
        }
      }
    >
      2.  You can add further pins onto the map by long press on the map.  
 

    </Text>
    <Text
      style={
        Object {
          "flex": 1,
          "width": 10,
        }
      }
    >
      3.  You can touch the markers on the map and drag to alter their location.  
 

    </Text>
    <Text
      style={
        Object {
          "flex": 1,
          "width": 10,
        }
      }
    >
      4.  You can tap on the markers to select them.  
 

    </Text>
    <Text
      style={
        Object {
          "flex": 1,
          "width": 10,
        }
      }
    >
      5.  You can delete the marker by tapping the delete button.  
 

    </Text>
    <Text
      style={
        Object {
          "flex": 1,
          "width": 10,
        }
      }
    >
      6.  You can edit the marker by pressing the edit button and then entering the description to alter the description of the marker.  
 

    </Text>
    <Text
      style={
        Object {
          "flex": 1,
          "width": 10,
        }
      }
    >
      7.  In backend app the region setting is for Germany so only the pins within Germany will be displayed.  
 

    </Text>
  </Text>
</View>
`;
